// Jest Snapshot v1, https://goo.gl/fbAQLP

exports[`Es hora de las instantaneas Siempre fallan las instantaneas 1`] = `
Object {
  "createAt": 2018-11-11T23:40:11.664Z,
  "id": 0,
}
`;

exports[`Es hora de las instantaneas Snapshot 1`] = `
Object {
  "gender": "Male",
  "id": 1,
  "name": "Rick Aveiro",
  "species": "Human",
  "status": "Alive",
}
`;

exports[`Es hora de las instantaneas Tenemos una excepcion dentro del codigo 1`] = `
Object {
  "id": Any<Number>,
  "name": "Pablo Tabares",
}
`;
